2026-08-19 09:04:26 [INFO] === Начало инвентаризации структуры папок ===
2026-08-19 09:04:26 [INFO] Использован INI-файл: \\nasfl\obmen\0 - Soft\Scripts\INVENT_OBMEN\folders.ini
2026-08-19 09:04:27 [INFO] Найдено корневых папок: 3
2026-08-19 09:04:27 [INFO] Корень из INI: \\nasfl\Obmen\0 - Корреспонденция
2026-08-19 09:04:27 [INFO] Корень из INI: \\nasfl\Obmen\0 - Общая
2026-08-19 09:04:27 [INFO] Корень из INI: \\nasfl\Obmen\0 - Объекты
2026-08-19 09:04:27 [INFO] CSV-файл отчета: \\nasfl\obmen\0 - Soft\Scripts\INVENT_OBMEN\Report\folders_chain_20260819_090427_185468.csv
2026-08-19 09:04:27 [INFO] Сканирование корня: \\nasfl\Obmen\0 - Корреспонденция
2026-08-19 09:04:27 [INFO] Корень записан в CSV: 0 - Корреспонденция
2026-08-19 09:04:28 [INFO] Корень обработан: \\nasfl\Obmen\0 - Корреспонденция. Записано папок: 13. Ошибок: 0.
2026-08-19 09:04:28 [INFO] Сканирование корня: \\nasfl\Obmen\0 - Общая
2026-08-19 09:04:28 [INFO] Корень записан в CSV: 0 - Общая
2026-08-19 09:10:38 [INFO] Корень обработан: \\nasfl\Obmen\0 - Общая. Записано папок: 8458. Ошибок: 0.
2026-08-19 09:10:38 [INFO] Сканирование корня: \\nasfl\Obmen\0 - Объекты
2026-08-19 09:10:38 [INFO] Корень записан в CSV: 0 - Объекты
2026-08-19 09:13:28 [INFO] Корень обработан: \\nasfl\Obmen\0 - Объекты. Записано папок: 2282. Ошибок: 0.
2026-08-19 09:13:29 [INFO] Готово. Записано папок: 10753; ошибок: 0; отчет: \\nasfl\obmen\0 - Soft\Scripts\INVENT_OBMEN\Report\folders_chain_20260819_090427_185468.csv
2026-08-19 16:22:55 [INFO] === Начало инвентаризации структуры папок ===
2026-08-19 16:22:55 [INFO] Использован INI-файл: \\nasfl\obmen\0 - Soft\Scripts\INVENT_OBMEN\folders.ini
2026-08-19 16:22:55 [INFO] Найдено корневых папок: 3
2026-08-19 16:22:55 [INFO] Корень из INI: \\nasfl\Obmen\0 - Корреспонденция
2026-08-19 16:22:55 [INFO] Корень из INI: \\nasfl\Obmen\0 - Общая
2026-08-19 16:22:55 [INFO] Корень из INI: \\nasfl\Obmen\0 - Объекты
2026-08-19 16:22:55 [INFO] CSV-файл отчета: \\nasfl\obmen\0 - Soft\Scripts\INVENT_OBMEN\Report\folders_chain_20260819_162255_524709.csv
2026-08-19 16:22:55 [INFO] Сканирование корня: \\nasfl\Obmen\0 - Корреспонденция
2026-08-19 16:22:55 [INFO] Корень записан в CSV: 0 - Корреспонденция
2026-08-19 16:22:56 [INFO] Корень обработан: \\nasfl\Obmen\0 - Корреспонденция. Записано папок: 13. Ошибок: 0.
2026-08-19 16:22:56 [INFO] Сканирование корня: \\nasfl\Obmen\0 - Общая
2026-08-19 16:22:56 [INFO] Корень записан в CSV: 0 - Общая
2026-08-19 16:25:49 [INFO] Корень обработан: \\nasfl\Obmen\0 - Общая. Записано папок: 8458. Ошибок: 0.
2026-08-19 16:25:49 [INFO] Сканирование корня: \\nasfl\Obmen\0 - Объекты
2026-08-19 16:25:49 [INFO] Корень записан в CSV: 0 - Объекты
2026-08-19 16:26:44 [INFO] Корень обработан: \\nasfl\Obmen\0 - Объекты. Записано папок: 2283. Ошибок: 0.
2026-08-19 16:26:44 [INFO] Готово. Записано папок: 10754; ошибок: 0; отчет: \\nasfl\obmen\0 - Soft\Scripts\INVENT_OBMEN\Report\folders_chain_20260819_162255_524709.csv
2026-08-20 09:42:26 [INFO] === Начало инвентаризации структуры папок ===
2026-08-20 09:42:26 [INFO] Использован INI-файл: \\nasfl\obmen\0 - Soft\Scripts\INVENT_OBMEN\folders.ini
2026-08-20 09:42:26 [INFO] Найдено корневых папок: 3
2026-08-20 09:42:26 [INFO] Корень из INI: \\nasfl\Obmen\0 - Корреспонденция
2026-08-20 09:42:26 [INFO] Корень из INI: \\nasfl\Obmen\0 - Общая
2026-08-20 09:42:26 [INFO] Корень из INI: \\nasfl\Obmen\0 - Объекты
2026-08-20 09:42:26 [INFO] CSV-файл отчета: \\nasfl\obmen\0 - Soft\Scripts\INVENT_OBMEN\Report\folders_chain_20260820_094226_348909.csv
2026-08-20 09:42:26 [INFO] Сканирование корня: \\nasfl\Obmen\0 - Корреспонденция
2026-08-20 09:42:26 [INFO] Корень записан в CSV: 0 - Корреспонденция
2026-08-20 09:42:28 [INFO] Корень обработан: \\nasfl\Obmen\0 - Корреспонденция. Записано папок: 13. Ошибок: 0.
2026-08-20 09:42:28 [INFO] Сканирование корня: \\nasfl\Obmen\0 - Общая
2026-08-20 09:42:28 [INFO] Корень записан в CSV: 0 - Общая
2026-08-20 09:46:47 [INFO] Корень обработан: \\nasfl\Obmen\0 - Общая. Записано папок: 8458. Ошибок: 0.
2026-08-20 09:46:47 [INFO] Сканирование корня: \\nasfl\Obmen\0 - Объекты
2026-08-20 09:46:47 [INFO] Корень записан в CSV: 0 - Объекты
2026-08-20 09:47:51 [INFO] Корень обработан: \\nasfl\Obmen\0 - Объекты. Записано папок: 2284. Ошибок: 0.
2026-08-20 09:47:52 [INFO] Готово. Записано папок: 10755; ошибок: 0; отчет: \\nasfl\obmen\0 - Soft\Scripts\INVENT_OBMEN\Report\folders_chain_20260820_094226_348909.csv
2026-08-20 15:49:52 [INFO] === Начало инвентаризации структуры папок ===
2026-08-20 15:49:52 [INFO] Использован INI-файл: \\nasfl\obmen\0 - Soft\Scripts\INVENT_OBMEN\folders.ini
2026-08-20 15:49:52 [INFO] Найдено корневых папок: 3
2026-08-20 15:49:52 [INFO] Корень из INI: \\nasfl\Obmen\0 - Корреспонденция
2026-08-20 15:49:52 [INFO] Корень из INI: \\nasfl\Obmen\0 - Общая
2026-08-20 15:49:52 [INFO] Корень из INI: \\nasfl\Obmen\0 - Объекты
2026-08-20 15:49:52 [INFO] CSV-файл отчета: \\nasfl\obmen\0 - Soft\Scripts\INVENT_OBMEN\Report\folders_chain_20260820_154952_314787.csv
2026-08-20 15:49:52 [INFO] Сканирование корня: \\nasfl\Obmen\0 - Корреспонденция
2026-08-20 15:49:52 [INFO] Корень записан в CSV: 0 - Корреспонденция
2026-08-20 15:49:52 [INFO] Корень обработан: \\nasfl\Obmen\0 - Корреспонденция. Записано папок: 13. Ошибок: 0.
2026-08-20 15:49:52 [INFO] Сканирование корня: \\nasfl\Obmen\0 - Общая
2026-08-20 15:49:52 [INFO] Корень записан в CSV: 0 - Общая
2026-08-20 15:51:37 [INFO] Корень обработан: \\nasfl\Obmen\0 - Общая. Записано папок: 8458. Ошибок: 0.
2026-08-20 15:51:37 [INFO] Сканирование корня: \\nasfl\Obmen\0 - Объекты
2026-08-20 15:51:37 [INFO] Корень записан в CSV: 0 - Объекты
2026-08-20 15:52:00 [INFO] Корень обработан: \\nasfl\Obmen\0 - Объекты. Записано папок: 2286. Ошибок: 0.
2026-08-20 15:52:01 [INFO] Готово. Записано папок: 10757; ошибок: 0; отчет: \\nasfl\obmen\0 - Soft\Scripts\INVENT_OBMEN\Report\folders_chain_20260820_154952_314787.csv
2026-08-24 14:50:45 [INFO] === Начало инвентаризации структуры папок ===
2026-08-24 14:50:45 [INFO] Использован INI-файл: \\nasfl\obmen\0 - Soft\Scripts\INVENT_OBMEN\folders.ini
2026-08-24 14:50:45 [INFO] Найдено корневых папок: 3
2026-08-24 14:50:45 [INFO] Корень из INI: \\nasfl\Obmen\0 - Корреспонденция
2026-08-24 14:50:45 [INFO] Корень из INI: \\nasfl\Obmen\0 - Общая
2026-08-24 14:50:45 [INFO] Корень из INI: \\nasfl\Obmen\0 - Объекты
2026-08-24 14:50:45 [INFO] CSV-файл отчета: \\nasfl\obmen\0 - Soft\Scripts\INVENT_OBMEN\Report\folders_chain_20260824_145045_376477.csv
2026-08-24 14:50:45 [INFO] Сканирование корня: \\nasfl\Obmen\0 - Корреспонденция
2026-08-24 14:50:45 [INFO] Корень записан в CSV: 0 - Корреспонденция
2026-08-24 14:50:45 [INFO] Корень обработан: \\nasfl\Obmen\0 - Корреспонденция. Записано папок: 13. Ошибок: 0.
2026-08-24 14:50:45 [INFO] Сканирование корня: \\nasfl\Obmen\0 - Общая
2026-08-24 14:50:45 [INFO] Корень записан в CSV: 0 - Общая
2026-08-24 14:52:16 [INFO] Корень обработан: \\nasfl\Obmen\0 - Общая. Записано папок: 8467. Ошибок: 0.
2026-08-24 14:52:16 [INFO] Сканирование корня: \\nasfl\Obmen\0 - Объекты
2026-08-24 14:52:16 [INFO] Корень записан в CSV: 0 - Объекты
2026-08-24 14:52:43 [INFO] Корень обработан: \\nasfl\Obmen\0 - Объекты. Записано папок: 2286. Ошибок: 0.
2026-08-24 14:52:43 [INFO] Готово. Записано папок: 10766; ошибок: 0; отчет: \\nasfl\obmen\0 - Soft\Scripts\INVENT_OBMEN\Report\folders_chain_20260824_145045_376477.csv
2026-09-03 16:38:03 [INFO] === Начало инвентаризации структуры папок ===
2026-09-03 16:38:03 [INFO] Использован INI-файл: \\nasfl\obmen\0 - Soft\Scripts\INVENT_OBMEN\folders.ini
2026-09-03 16:38:03 [INFO] Найдено корневых папок: 3
2026-09-03 16:38:03 [INFO] Корень из INI: \\nasfl\Obmen\0 - Корреспонденция
2026-09-03 16:38:03 [INFO] Корень из INI: \\nasfl\Obmen\0 - Общая
2026-09-03 16:38:03 [INFO] Корень из INI: \\nasfl\Obmen\0 - Объекты
2026-09-03 16:38:03 [INFO] CSV-файл отчета: \\nasfl\obmen\0 - Soft\Scripts\INVENT_OBMEN\Report\folders_chain_20260903_163803_336767.csv
2026-09-03 16:38:03 [INFO] Сканирование корня: \\nasfl\Obmen\0 - Корреспонденция
2026-09-03 16:38:03 [INFO] Корень записан в CSV: 0 - Корреспонденция
2026-09-03 16:38:03 [INFO] Корень обработан: \\nasfl\Obmen\0 - Корреспонденция. Записано папок: 13. Ошибок: 0.
2026-09-03 16:38:03 [INFO] Сканирование корня: \\nasfl\Obmen\0 - Общая
2026-09-03 16:38:03 [INFO] Корень записан в CSV: 0 - Общая
2026-09-03 16:40:18 [INFO] Корень обработан: \\nasfl\Obmen\0 - Общая. Записано папок: 8483. Ошибок: 0.
2026-09-03 16:40:18 [INFO] Сканирование корня: \\nasfl\Obmen\0 - Объекты
2026-09-03 16:40:18 [INFO] Корень записан в CSV: 0 - Объекты
2026-09-03 16:40:50 [INFO] Корень обработан: \\nasfl\Obmen\0 - Объекты. Записано папок: 2291. Ошибок: 0.
2026-09-03 16:40:50 [INFO] Готово. Записано папок: 10787; ошибок: 0; отчет: \\nasfl\obmen\0 - Soft\Scripts\INVENT_OBMEN\Report\folders_chain_20260903_163803_336767.csv
2026-09-08 16:32:16 [INFO] === Начало инвентаризации структуры папок ===
2026-09-08 16:32:16 [INFO] Использован INI-файл: \\nasfl\obmen\0 - Soft\Scripts\INVENT_OBMEN\folders.ini
2026-09-08 16:32:16 [ERROR] В INI-файле \\nasfl\obmen\0 - Soft\Scripts\INVENT_OBMEN\folders.ini не найдены адреса папок. Добавьте секцию [ROOTS] и значения с путями.
2026-09-08 16:32:48 [INFO] === Начало инвентаризации структуры папок ===
2026-09-08 16:32:48 [INFO] Использован INI-файл: \\nasfl\obmen\0 - Soft\Scripts\INVENT_OBMEN\folders.ini
2026-09-08 16:32:48 [ERROR] В INI-файле \\nasfl\obmen\0 - Soft\Scripts\INVENT_OBMEN\folders.ini не найдены адреса папок. Добавьте секцию [ROOTS] и значения с путями.
2026-09-08 16:33:03 [INFO] === Начало инвентаризации структуры папок ===
2026-09-08 16:33:03 [INFO] Использован INI-файл: \\nasfl\obmen\0 - Soft\Scripts\INVENT_OBMEN\folders.ini
2026-09-08 16:33:03 [ERROR] В INI-файле \\nasfl\obmen\0 - Soft\Scripts\INVENT_OBMEN\folders.ini не найдены адреса папок. Добавьте секцию [ROOTS] и значения с путями.
2026-09-08 16:37:06 [INFO] === Начало инвентаризации структуры папок ===
2026-09-08 16:37:06 [INFO] Использован INI-файл: \\nasfl\obmen\0 - Soft\Scripts\INVENT_OBMEN\folders.ini
2026-09-08 16:37:06 [INFO] Найдено корневых папок: 2
2026-09-08 16:37:06 [INFO] Корень из INI: z:\0 - Реквизиты
2026-09-08 16:37:06 [INFO] Корень из INI: z:\0 - Общая\01 Скан-ые документы(договоры,накладные и тд)\Сканированные (договоры, накладные и тд)
2026-09-08 16:37:06 [INFO] CSV-файл отчета: \\nasfl\obmen\0 - Soft\Scripts\INVENT_OBMEN\Report\folders_chain_20260908_163706_158549.csv
2026-09-08 16:37:06 [INFO] Сканирование корня: z:\0 - Реквизиты
2026-09-08 16:37:06 [INFO] Корень записан в CSV: 0 - Реквизиты
2026-09-08 16:37:06 [INFO] Корень обработан: z:\0 - Реквизиты. Записано папок: 14. Ошибок: 0.
2026-09-08 16:37:06 [INFO] Сканирование корня: z:\0 - Общая\01 Скан-ые документы(договоры,накладные и тд)\Сканированные (договоры, накладные и тд)
2026-09-08 16:37:06 [INFO] Корень записан в CSV: Сканированные (договоры, накладные и тд)
2026-09-08 16:37:11 [INFO] Корень обработан: z:\0 - Общая\01 Скан-ые документы(договоры,накладные и тд)\Сканированные (договоры, накладные и тд). Записано папок: 42. Ошибок: 0.
2026-09-08 16:37:11 [INFO] Готово. Записано папок: 56; ошибок: 0; отчет: \\nasfl\obmen\0 - Soft\Scripts\INVENT_OBMEN\Report\folders_chain_20260908_163706_158549.csv
2026-09-08 16:37:52 [INFO] === Начало инвентаризации структуры папок ===
2026-09-08 16:37:52 [INFO] Использован INI-файл: \\nasfl\obmen\0 - Soft\Scripts\INVENT_OBMEN\folders.ini
2026-09-08 16:37:52 [INFO] Найдено корневых папок: 2
2026-09-08 16:37:52 [INFO] Корень из INI: z:\0 - Реквизиты
2026-09-08 16:37:52 [INFO] Корень из INI: z:\0 - Общая\01 Скан-ые документы(договоры,накладные и тд)\Сканированные (договоры, накладные и тд)
2026-09-08 16:37:52 [INFO] CSV-файл отчета: \\nasfl\obmen\0 - Soft\Scripts\INVENT_OBMEN\Report\folders_chain_20260908_163752_396277.csv
2026-09-08 16:37:52 [INFO] Сканирование корня: z:\0 - Реквизиты
2026-09-08 16:37:52 [INFO] Корень записан в CSV: 0 - Реквизиты
2026-09-08 16:37:52 [INFO] Корень обработан: z:\0 - Реквизиты. Записано папок: 62. Ошибок: 0.
2026-09-08 16:37:52 [INFO] Сканирование корня: z:\0 - Общая\01 Скан-ые документы(договоры,накладные и тд)\Сканированные (договоры, накладные и тд)
2026-09-08 16:37:52 [INFO] Корень записан в CSV: Сканированные (договоры, накладные и тд)
2026-09-08 16:38:25 [INFO] Корень обработан: z:\0 - Общая\01 Скан-ые документы(договоры,накладные и тд)\Сканированные (договоры, накладные и тд). Записано папок: 765. Ошибок: 0.
2026-09-08 16:38:25 [INFO] Готово. Записано папок: 827; ошибок: 0; отчет: \\nasfl\obmen\0 - Soft\Scripts\INVENT_OBMEN\Report\folders_chain_20260908_163752_396277.csv
2026-09-09 10:10:02 [INFO] === Начало инвентаризации структуры папок ===
2026-09-09 10:10:02 [INFO] Использован INI-файл: \\nasfl\obmen\0 - Soft\Scripts\INVENT_OBMEN\folders.ini
2026-09-09 10:10:02 [INFO] Найдено корневых папок: 3
2026-09-09 10:10:02 [INFO] Корень из INI: z:\0 - Реквизиты
2026-09-09 10:10:02 [INFO] Корень из INI: z:\0 - Общая\01 Скан-ые документы(договоры,накладные и тд)\Сканированные (договоры, накладные и тд)
2026-09-09 10:10:02 [INFO] Корень из INI: z:\0 - Учеба
2026-09-09 10:10:02 [INFO] CSV-файл отчета: \\nasfl\obmen\0 - Soft\Scripts\INVENT_OBMEN\Report\folders_chain_20260909_101002_535382.csv
2026-09-09 10:10:02 [INFO] Сканирование корня: z:\0 - Реквизиты
2026-09-09 10:10:02 [INFO] Корень записан в CSV: 0 - Реквизиты
2026-09-09 10:10:08 [INFO] Корень обработан: z:\0 - Реквизиты. Записано папок: 62. Ошибок: 0.
2026-09-09 10:10:08 [INFO] Сканирование корня: z:\0 - Общая\01 Скан-ые документы(договоры,накладные и тд)\Сканированные (договоры, накладные и тд)
2026-09-09 10:10:08 [INFO] Корень записан в CSV: Сканированные (договоры, накладные и тд)
2026-09-09 10:12:39 [INFO] Корень обработан: z:\0 - Общая\01 Скан-ые документы(договоры,накладные и тд)\Сканированные (договоры, накладные и тд). Записано папок: 765. Ошибок: 0.
2026-09-09 10:12:39 [INFO] Сканирование корня: z:\0 - Учеба
2026-09-09 10:12:39 [INFO] Корень записан в CSV: 0 - Учеба
2026-09-09 10:12:48 [INFO] Корень обработан: z:\0 - Учеба. Записано папок: 164. Ошибок: 0.
2026-09-09 10:12:48 [INFO] Готово. Записано папок: 991; ошибок: 0; отчет: \\nasfl\obmen\0 - Soft\Scripts\INVENT_OBMEN\Report\folders_chain_20260909_101002_535382.csv
2026-09-09 13:37:44 [INFO] === Начало инвентаризации структуры папок ===
2026-09-09 13:37:44 [INFO] Использован INI-файл: \\nasfl\obmen\0 - Soft\Scripts\INVENT_OBMEN\folders.ini
2026-09-09 13:37:44 [INFO] Найдено корневых папок: 4
2026-09-09 13:37:44 [INFO] Корень из INI: z:\0 - Реквизиты
2026-09-09 13:37:44 [INFO] Корень из INI: z:\0 - Общая\01 Скан-ые документы(договоры,накладные и тд)\Сканированные (договоры, накладные и тд)
2026-09-09 13:37:44 [INFO] Корень из INI: z:\0 - Учеба
2026-09-09 13:37:44 [INFO] Корень из INI: z:\0 - Объекты\Объекты Стройка
2026-09-09 13:37:44 [INFO] CSV-файл отчета: \\nasfl\obmen\0 - Soft\Scripts\INVENT_OBMEN\Report\folders_chain_20260909_133744_771269.csv
2026-09-09 13:37:44 [INFO] Сканирование корня: z:\0 - Реквизиты
2026-09-09 13:37:44 [INFO] Корень записан в CSV: 0 - Реквизиты
2026-09-09 13:37:45 [INFO] Корень обработан: z:\0 - Реквизиты. Записано папок: 62. Ошибок: 0.
2026-09-09 13:37:47 [INFO] Сканирование корня: z:\0 - Общая\01 Скан-ые документы(договоры,накладные и тд)\Сканированные (договоры, накладные и тд)
2026-09-09 13:37:47 [INFO] Корень записан в CSV: Сканированные (договоры, накладные и тд)
2026-09-09 13:39:46 [INFO] Корень обработан: z:\0 - Общая\01 Скан-ые документы(договоры,накладные и тд)\Сканированные (договоры, накладные и тд). Записано папок: 765. Ошибок: 0.
2026-09-09 13:39:46 [INFO] Сканирование корня: z:\0 - Учеба
2026-09-09 13:39:46 [INFO] Корень записан в CSV: 0 - Учеба
2026-09-09 13:40:21 [INFO] Корень обработан: z:\0 - Учеба. Записано папок: 164. Ошибок: 0.
2026-09-09 13:40:21 [INFO] Сканирование корня: z:\0 - Объекты\Объекты Стройка
2026-09-09 13:40:21 [INFO] Корень записан в CSV: Объекты Стройка
2026-09-09 13:41:00 [INFO] Корень обработан: z:\0 - Объекты\Объекты Стройка. Записано папок: 203. Ошибок: 0.
2026-09-09 13:41:00 [INFO] Готово. Записано папок: 1194; ошибок: 0; отчет: \\nasfl\obmen\0 - Soft\Scripts\INVENT_OBMEN\Report\folders_chain_20260909_133744_771269.csv
